Step 1: Loading settings...
  OK: Glaucoma OCT AI Platform
Step 2: Creating synthetic volume...
  OK: shape=(128, 128, 64)
Step 3: Loading model (no preload)...
2026-06-18 15:26:33 - app.inference.engine - INFO - Loading 3D-ResNet model: resnet3d_18 on cpu
2026-06-18 15:26:33 - app.inference.engine - WARNING - No pretrained weights found. Using random initialization.
python : D:\SOLO-0616-2\20-optometry-oct-glaucoma\backend\app\models\res
net3d.py:368: TracerWarning: Converting a tensor to a Python boolean mig
ht cause the trace to be incorrect. We can't record the data flow of Pyt
hon values, so this value will be treated as a constant in the future. T
his means that the trace might not generalize to other inputs!
所在位置 行:1 字符: 1
+ python -c "
+ ~~~~~~~~~~~
    + CategoryInfo          : NotSpecified: (D:\SOLO-0616-2\...o other  
   inputs!:String) [], RemoteException
    + FullyQualifiedErrorId : NativeCommandError
 
  if g1.shape[2:] != x1.shape[2:]:
D:\SOLO-0616-2\20-optometry-oct-glaucoma\backend\app\models\resnet3d.py:
321: TracerWarning: Converting a tensor to a Python boolean might cause 
the trace to be incorrect. We can't record the data flow of Python value
s, so this value will be treated as a constant in the future. This means
 that the trace might not generalize to other inputs!
  if x.shape != skip.shape:
D:\SOLO-0616-2\20-optometry-oct-glaucoma\backend\app\models\resnet3d.py:
370: TracerWarning: Converting a tensor to a Python boolean might cause 
the trace to be incorrect. We can't record the data flow of Python value
s, so this value will be treated as a constant in the future. This means
 that the trace might not generalize to other inputs!
  if g1.shape[2:] != x1.shape[2:]:
D:\SOLO-0616-2\20-optometry-oct-glaucoma\backend\app\models\resnet3d.py:
492: TracerWarning: Converting a tensor to a Python boolean might cause 
the trace to be incorrect. We can't record the data flow of Python value
s, so this value will be treated as a constant in the future. This means
 that the trace might not generalize to other inputs!
  if x.shape[2:] != skips[0].shape[2:]:
D:\SOLO-0616-2\20-optometry-oct-glaucoma\backend\app\models\resnet3d.py:
498: TracerWarning: Converting a tensor to a Python boolean might cause 
the trace to be incorrect. We can't record the data flow of Python value
s, so this value will be treated as a constant in the future. This means
 that the trace might not generalize to other inputs!
  if x.shape[2:] != input_size:
2026-06-18 15:26:36 - app.inference.engine - INFO - Optimized model lacks predict method, using raw model for predict
2026-06-18 15:26:36 - app.inference.engine - INFO - Model loaded successfully. Parameters: 59,265,674
  OK: params=59,265,674
Step 4: Creating input tensor...
2026-06-18 15:26:36 - app.processing.preprocessing - INFO - Starting preprocessing: original shape=(128, 128, 64)
2026-06-18 15:26:36 - app.processing.preprocessing - INFO - Applying N4 bias field correction
Traceback (most recent call last):
  File "<string>", line 27, in <module>
  File "D:\SOLO-0616-2\20-optometry-oct-glaucoma\backend\app\processing\
preprocessing.py", line 198, in preprocess
    processed = bias_correction(processed)
                ^^^^^^^^^^^^^^^^^^^^^^^^^^
  File "D:\SOLO-0616-2\20-optometry-oct-glaucoma\backend\app\processing\
preprocessing.py", line 136, in bias_correction
    sitk_image = CastImageFilter(sitk_image, sitkFloat32)
                 ^^^^^^^^^^^^^^^^^^^^^^^^^^^^^^^^^^^^^^^^
TypeError: CastImageFilter.__init__() takes 1 positional argument but 3 
were given
